c100.php
Ekin0x.php
hacker.php
safe0ver.php
sniper.php
spyshell.php
zehir4.aspx
cfExec.cfm
cfSQL.cfm
cmd.cfm
shell.cfm
CmdServlet.class
ListServlet.java
CWShellDumper.php
angel.php
dq.php
shell.php
up.pl
wewo.pl
irc.pl
pws.pl
PerlWebShellbyRST-GHC.pl
c99.php
c99shell.php
r57.php
r58.php
dra.php
r00t.php
root.php
mma.php
filesman.php
Locus7s.php
c99-Ultimate.php
Crystal.php
Dx.php
cmd.php
liz0zim.php
simattacker.php
tryag.php
150.php
Ani-Shell.php
cgitelnet.pl
cmd.pl
dc.pl
list.pl
FaTaLisTiCz_Fx.php
G5.php
NCC-Shell.php
NetworkFileManagerPHP.php
PHANTASMA.php
PHPJackal.php
PHPRemoteView.php
PHPSPY.php
Php_Backdoor.txt.php
Private-i3lue.php
SnIpEr_SA Shell.php
upl0ader.php
c99ud.php
c99unlimited.php
acid.php
antichat.php
shell.php
udp.php
ddos.php
b37.php
backupsql.php
bdotw44shell.php
bug.php
c37.php
c99_madnet.php
c99_w4cking.php
c99madshell.php
c99v2.php
cbfphpsh.php
cihshell_fix.php
co.php
connect-back.php
cpg_143_incl_xpl.php
ctt_sh.php
cybershell.php
egy.php
c66.php
c99_locus7s.php
erne.php
ex0shell.php
g00nv13.php
hkrkoz.php
ironshell.php
itsecteam_shell.php
browser.jsp
cmd.jsp
cmd_win32.jsp
jspShell.jsp
nano.php
jspbd.jsp
list.jsp
up.jsp
up_win32.jsp
3fexe.asp
ASpy.asp
isko.php
iskorpitx.php
EFSO.asp
RemExp.asp
aspxSH.asp
zehir.asp
aspxshell.aspx
aspydrv.asp
locus.php
log.php
simple_cmd.php
zacosmall.php
3fexe.asp
ASpy.asp
EFSO.asp
RemExp.asp
aspxSH.asp
aspxshell.aspx
aspydrv.asp
cmd.asp
cmd.aspx
cmdexec.aspx
elmaliseker.asp
filesystembrowser.aspx
fileupload.aspx
ntdaddy.asp
spexec.aspx
sql.aspx
tool.asp
tool.aspx
toolaspshell.asp
up.asp
up.aspx
zehir.asp
zehir.aspx
zehir4.asp
zehir4.aspx
cmd-asp-5.1.asp
cmdasp.asp
cmdasp.aspx
list.asp
JspWebshell 1.2.jsp
cmd.asp
zehir4.asp
UpServlet.java
CmdServlet.java
cmd.aspx
cmdexec.aspx
elmaliseker.asp
filesystembrowser.aspx
fileupload.aspx
ntdaddy.asp
spexec.aspx
c99-shadows-mod.php
c99_PSych0.php
sql.aspx
tool.asp
toolaspshell.asp
up.asp
shell.py
zehir.aspx
