http://testfire.net/default.aspx
http://testfire.net/images/logo.gif
http://testfire.net/bank/login.aspx
http://testfire.net/default.aspx?content=inside_contact.htm
http://testfire.net/feedback.aspx
http://testfire.net/images/header_pic.jpg
http://testfire.net/images/pf_lock.gif
http://testfire.net/bank/login.aspx
http://testfire.net/default.aspx?content=personal.htm
http://testfire.net/default.aspx?content=business.htm
http://testfire.net/default.aspx?content=inside.htm
http://testfire.net/default.aspx?content=personal.htm
http://testfire.net/default.aspx?content=personal_deposit.htm
http://testfire.net/default.aspx?content=personal_checking.htm
http://testfire.net/default.aspx?content=personal_loans.htm
http://testfire.net/default.aspx?content=personal_cards.htm
http://testfire.net/default.aspx?content=personal_investments.htm
http://testfire.net/default.aspx?content=personal_other.htm
http://testfire.net/default.aspx?content=business.htm
http://testfire.net/default.aspx?content=business_deposit.htm
http://testfire.net/default.aspx?content=business_lending.htm
http://testfire.net/default.aspx?content=business_cards.htm
http://testfire.net/default.aspx?content=business_insurance.htm
http://testfire.net/default.aspx?content=business_retirement.htm
http://testfire.net/default.aspx?content=business_other.htm
http://testfire.net/default.aspx?content=inside.htm
http://testfire.net/default.aspx?content=inside_about.htm
http://testfire.net/default.aspx?content=inside_contact.htm
http://testfire.net/cgi.exe
http://testfire.net/default.aspx?content=inside_investor.htm
http://testfire.net/default.aspx?content=inside_press.htm
http://testfire.net/default.aspx?content=inside_careers.htm
http://testfire.net/default.aspx?content=personal_savings.htm
http://testfire.net/images/home1.jpg
http://testfire.net/default.aspx?content=personal_loans.htm
http://testfire.net/images/home2.jpg
http://testfire.net/default.aspx?content=business_cards.htm
http://testfire.net/default.aspx?content=business_retirement.htm
http://testfire.net/default.aspx?content=privacy.htm
http://testfire.net/default.aspx?content=security.htm
http://testfire.net/images/home3.jpg
http://testfire.net/survey_questions.aspx
http://testfire.net/default.aspx?content=privacy.htm
http://testfire.net/default.aspx?content=security.htm
