http://www.hemsheela.in/?feed=rss2
http://www.hemsheela.in/?feed=rss2
http://www.hemsheela.in/?feed=comments-rss2
http://www.hemsheela.in/?feed=rss2&page_id=9
http://www.hemsheela.in/
http://www.hemsheela.in/wordpress/wp-content/uploads/2014/11/logo2.png
http://www.hemsheela.in/wordpress/wp-content/uploads/2015/05/hemchandra.jpg
http://www.hemsheela.in/
http://www.hemsheela.in/?page_id=90
http://www.hemsheela.in/?page_id=103
http://www.hemsheela.in/?page_id=116
http://www.hemsheela.in/?page_id=166
http://www.hemsheela.in/?page_id=587
http://www.hemsheela.in/?page_id=592
http://www.hemsheela.in/?page_id=226
http://www.hemsheela.in/?page_id=876
http://www.hemsheela.in/?page_id=784
http://www.hemsheela.in/?page_id=43
http://www.hemsheela.in/?page_id=252
http://www.hemsheela.in/?page_id=281
http://www.hemsheela.in/?page_id=851
http://www.hemsheela.in/?cat=5
http://www.hemsheela.in/?page_id=257
http://www.hemsheela.in/?page_id=261
http://www.hemsheela.in/?page_id=266
http://www.hemsheela.in/?cat=6
http://www.hemsheela.in/?cat=7
http://www.hemsheela.in/?cat=10
http://www.hemsheela.in/?page_id=2500
http://www.hemsheela.in/?cat=11
http://www.hemsheela.in/?page_id=1940
http://www.hemsheela.in/?page_id=273
http://www.hemsheela.in/?page_id=271
http://www.hemsheela.in/?page_id=275
http://www.hemsheela.in/?page_id=2168
http://www.hemsheela.in/?page_id=1160
http://www.hemsheela.in/wordpress/?page_id=257
http://www.hemsheela.in/wordpress/wp-content/uploads/2014/11/header_icon_03.png
http://www.hemsheela.in/wordpress/?page_id=273
http://www.hemsheela.in/wordpress/wp-content/uploads/2014/11/header_icon_04.png
http://www.hemsheela.in/wordpress/?page_id=261
http://www.hemsheela.in/wordpress/wp-content/uploads/2014/11/header_icon_011.png
http://www.hemsheela.in/wordpress/?page_id=103
http://www.hemsheela.in/wordpress/wp-content/uploads/2014/11/header_icon_02.png
http://www.hemsheela.in/?page_id=2168
http://www.hemsheela.in/wordpress/wp-content/uploads/2017/06/Alumni.png
http://www.hemsheela.in/?p=2592
http://www.hemsheela.in/wordpress/wp-content/uploads/2015/05/Cystal-Logo.jpg
http://www.hemsheela.in/?p=2592
http://www.hemsheela.in/?p=2589
http://www.hemsheela.in/wordpress/wp-content/uploads/2016/02/circular.jpg
http://www.hemsheela.in/?p=2589
http://www.hemsheela.in/?p=2584
http://www.hemsheela.in/wordpress/wp-content/uploads/2015/05/Cystal-Logo.jpg
http://www.hemsheela.in/?p=2584
http://www.hemsheela.in/?p=2578
http://www.hemsheela.in/wordpress/wp-content/uploads/2016/02/circular.jpg
http://www.hemsheela.in/?p=2578
http://www.hemsheela.in/?page_id=1901
http://www.hemsheela.in/wordpress/wp-content/uploads/2016/12/reeldrmr.jpg
http://www.hemsheela.in/?page_id=1901
http://www.hemsheela.in/?page_id=1859
http://www.hemsheela.in/wordpress/wp-content/uploads/2016/10/scholarshipprogramlogo.jpg
http://www.hemsheela.in/?page_id=1859
http://www.hemsheela.in/?page_id=261
http://www.hemsheela.in/wordpress/wp-content/uploads/2016/04/qualitycirclelogo.jpg
http://www.hemsheela.in/?page_id=261
http://www.hemsheela.in/#top
http://www.hemsheela.in/www.twitter.com
http://www.hemsheela.in/www.facebook.com
http://www.hemsheela.in/www.google.com
http://www.hemsheela.in/www.cbse.nic.in
